[ 7758137ms] [WARNING] [Reboot] 'Player.Create' aborted with rbt.v1alpha1.StateAlreadyConstructed @ http://localhost:9991/__/frontend/api/chairs/v1/player_rbt_react.ts:1271
[ 7771695ms] [WARNING] [Reboot] 'Player.Create' aborted with rbt.v1alpha1.StateAlreadyConstructed @ http://localhost:9991/__/frontend/api/chairs/v1/player_rbt_react.ts:1271
[ 7795827ms] [WARNING] [Reboot] 'Player.Create' aborted with rbt.v1alpha1.StateAlreadyConstructed @ http://localhost:9991/__/frontend/api/chairs/v1/player_rbt_react.ts:1271
[ 7856178ms] [WARNING] [Reboot] Caught unknown exception: Not expecting stream to ever be done @ http://localhost:9991/__/frontend/api/chairs/v1/game_rbt_react.ts:2479
[ 7856191ms] [WARNING] [Reboot] Caught unknown exception: Not expecting stream to ever be done @ http://localhost:9991/__/frontend/api/chairs/v1/game_rbt_react.ts:2479
[ 7856216ms] [LOG] [vite] server connection lost. Polling for restart... @ http://localhost:9991/__/frontend/@vite/client:963
[ 7856225ms] [WARNING] [Reboot] Caught unknown exception: Not expecting stream to ever be done @ http://localhost:9991/__/frontend/api/chairs/v1/player_rbt_react.ts:1177
[ 7856232ms] [ERROR] WebSocket connection to 'ws://localhost:9991/__/frontend/' failed: Connection closed before receiving a handshake response @ http://localhost:9991/__/frontend/@vite/client:1034
[ 7856310ms] [ERROR] WebSocket connection to 'ws://localhost:9991/__/reboot/rpc/chairs.v1.Game:the-game/rbt.v1alpha1.React/Query' failed: Error during WebSocket handshake: net::ERR_CONNECTION_RESET @ http://localhost:9991/__/frontend/node_modules/.vite/deps/@reboot-dev_reboot-web.js?v=2c3ceeba:2201
[ 7856310ms] [WARNING] [Reboot] Caught unknown exception: Unexpected error on websocket: {"isTrusted":true} @ http://localhost:9991/__/frontend/api/chairs/v1/game_rbt_react.ts:2479
[ 7856366ms] [ERROR] WebSocket connection to 'ws://localhost:9991/__/reboot/rpc/chairs.v1.Player:shivam' failed: Error during WebSocket handshake: net::ERR_CONNECTION_RESET @ http://localhost:9991/__/frontend/node_modules/.vite/deps/@reboot-dev_reboot-web.js?v=2c3ceeba:2201
[ 7856491ms] [ERROR] WebSocket connection to 'ws://localhost:9991/__/reboot/rpc/chairs.v1.Game:the-game' failed: Error in connection establishment: net::ERR_CONNECTION_REFUSED @ http://localhost:9991/__/frontend/node_modules/.vite/deps/@reboot-dev_reboot-web.js?v=2c3ceeba:2201
[ 7856503ms] [ERROR] WebSocket connection to 'ws://localhost:9991/__/reboot/rpc/chairs.v1.Player:shivam/rbt.v1alpha1.React/Query' failed: Error in connection establishment: net::ERR_CONNECTION_REFUSED @ http://localhost:9991/__/frontend/node_modules/.vite/deps/@reboot-dev_reboot-web.js?v=2c3ceeba:2201
[ 7856504ms] [WARNING] [Reboot] Caught unknown exception: Unexpected error on websocket: {"isTrusted":true} @ http://localhost:9991/__/frontend/api/chairs/v1/player_rbt_react.ts:1177
[ 7856514ms] [ERROR] WebSocket connection to 'ws://localhost:9991/__/reboot/rpc/chairs.v1.Player:shivam' failed: Error in connection establishment: net::ERR_CONNECTION_REFUSED @ http://localhost:9991/__/frontend/node_modules/.vite/deps/@reboot-dev_reboot-web.js?v=2c3ceeba:2201
[ 7856685ms] [ERROR] WebSocket connection to 'ws://localhost:9991/__/reboot/rpc/chairs.v1.Game:the-game/rbt.v1alpha1.React/Query' failed: Error in connection establishment: net::ERR_CONNECTION_REFUSED @ http://localhost:9991/__/frontend/node_modules/.vite/deps/@reboot-dev_reboot-web.js?v=2c3ceeba:2201
[ 7856685ms] [WARNING] [Reboot] Caught unknown exception: Unexpected error on websocket: {"isTrusted":true} @ http://localhost:9991/__/frontend/api/chairs/v1/game_rbt_react.ts:2479
[ 7856707ms] [ERROR] WebSocket connection to 'ws://localhost:9991/__/reboot/rpc/chairs.v1.Player:shivam/rbt.v1alpha1.React/Query' failed: Error in connection establishment: net::ERR_CONNECTION_REFUSED @ http://localhost:9991/__/frontend/node_modules/.vite/deps/@reboot-dev_reboot-web.js?v=2c3ceeba:2201
[ 7856707ms] [WARNING] [Reboot] Caught unknown exception: Unexpected error on websocket: {"isTrusted":true} @ http://localhost:9991/__/frontend/api/chairs/v1/player_rbt_react.ts:1177
[ 7857254ms] [ERROR] WebSocket connection to 'ws://localhost:9991/__/frontend/' failed: Error in connection establishment: net::ERR_CONNECTION_REFUSED @ http://localhost:9991/__/frontend/@vite/client:1034
[ 7857348ms] [ERROR] WebSocket connection to 'ws://localhost:9991/__/reboot/rpc/chairs.v1.Game:the-game/rbt.v1alpha1.React/Query' failed: Error in connection establishment: net::ERR_CONNECTION_REFUSED @ http://localhost:9991/__/frontend/node_modules/.vite/deps/@reboot-dev_reboot-web.js?v=2c3ceeba:2201
[ 7857349ms] [WARNING] [Reboot] Caught unknown exception: Unexpected error on websocket: {"isTrusted":true} @ http://localhost:9991/__/frontend/api/chairs/v1/game_rbt_react.ts:2479
[ 7857535ms] [ERROR] WebSocket connection to 'ws://localhost:9991/__/reboot/rpc/chairs.v1.Game:the-game' failed: Error in connection establishment: net::ERR_CONNECTION_REFUSED @ http://localhost:9991/__/frontend/node_modules/.vite/deps/@reboot-dev_reboot-web.js?v=2c3ceeba:2201
[ 7857657ms] [ERROR] WebSocket connection to 'ws://localhost:9991/__/reboot/rpc/chairs.v1.Game:the-game/rbt.v1alpha1.React/Query' failed: Error in connection establishment: net::ERR_CONNECTION_REFUSED @ http://localhost:9991/__/frontend/node_modules/.vite/deps/@reboot-dev_reboot-web.js?v=2c3ceeba:2201
[ 7857657ms] [WARNING] [Reboot] Caught unknown exception: Unexpected error on websocket: {"isTrusted":true} @ http://localhost:9991/__/frontend/api/chairs/v1/game_rbt_react.ts:2479
[ 7858540ms] [ERROR] WebSocket connection to 'ws://localhost:9991/__/reboot/rpc/chairs.v1.Game:the-game/rbt.v1alpha1.React/Query' failed: Error in connection establishment: net::ERR_CONNECTION_REFUSED @ http://localhost:9991/__/frontend/node_modules/.vite/deps/@reboot-dev_reboot-web.js?v=2c3ceeba:2201
[ 7858540ms] [WARNING] [Reboot] Caught unknown exception: Unexpected error on websocket: {"isTrusted":true} @ http://localhost:9991/__/frontend/api/chairs/v1/game_rbt_react.ts:2479
[ 7858865ms] [ERROR] WebSocket connection to 'ws://localhost:9991/__/frontend/' failed: Error in connection establishment: net::ERR_CONNECTION_REFUSED @ http://localhost:9991/__/frontend/@vite/client:1034
[ 7860582ms] [ERROR] WebSocket connection to 'ws://localhost:9991/__/reboot/rpc/chairs.v1.Player:shivam' failed: Error in connection establishment: net::ERR_CONNECTION_REFUSED @ http://localhost:9991/__/frontend/node_modules/.vite/deps/@reboot-dev_reboot-web.js?v=2c3ceeba:2201
[ 7860891ms] [ERROR] WebSocket connection to 'ws://localhost:9991/__/reboot/rpc/chairs.v1.Game:the-game/rbt.v1alpha1.React/Query' failed: Error during WebSocket handshake: Unexpected response code: 502 @ http://localhost:9991/__/frontend/node_modules/.vite/deps/@reboot-dev_reboot-web.js?v=2c3ceeba:2201
[ 7860891ms] [WARNING] [Reboot] Caught unknown exception: Unexpected error on websocket: {"isTrusted":true} @ http://localhost:9991/__/frontend/api/chairs/v1/game_rbt_react.ts:2479
[ 7861098ms] [ERROR] WebSocket connection to 'ws://localhost:9991/__/reboot/rpc/chairs.v1.Game:the-game/rbt.v1alpha1.React/Query' failed: Error during WebSocket handshake: Unexpected response code: 502 @ http://localhost:9991/__/frontend/node_modules/.vite/deps/@reboot-dev_reboot-web.js?v=2c3ceeba:2201
[ 7861099ms] [WARNING] [Reboot] Caught unknown exception: Unexpected error on websocket: {"isTrusted":true} @ http://localhost:9991/__/frontend/api/chairs/v1/game_rbt_react.ts:2479
[ 7863509ms] [INFO] %cDownload the React DevTools for a better development experience: https://react.dev/link/react-devtools font-weight:bold @ http://localhost:9991/__/frontend/node_modules/.vite/deps/react-dom_client.js?v=2c3ceeba:17986
[ 7863539ms] [ERROR] Failed to load resource: the server responded with a status of 404 (Not Found) @ http://localhost:9991/__/oauth/whoami:0
[ 7863539ms] [ERROR] Failed to load resource: the server responded with a status of 404 (Not Found) @ http://localhost:9991/__/oauth/whoami:0
[ 7863592ms] [WARNING] [Reboot] 'Player.Create' aborted with rbt.v1alpha1.StateAlreadyConstructed @ http://localhost:9991/__/frontend/api/chairs/v1/player_rbt_react.ts?t=1785472756549:1271
[ 7863600ms] [WARNING] [Reboot] 'Player.Create' aborted with rbt.v1alpha1.StateAlreadyConstructed @ http://localhost:9991/__/frontend/api/chairs/v1/player_rbt_react.ts?t=1785472756549:1271
[ 7868999ms] [WARNING] [Reboot] Caught unknown exception: Not expecting stream to ever be done @ http://localhost:9991/__/frontend/api/chairs/v1/game_rbt_react.ts?t=1785472756549:2479
[ 7869008ms] [WARNING] [Reboot] Caught unknown exception: Not expecting stream to ever be done @ http://localhost:9991/__/frontend/api/chairs/v1/game_rbt_react.ts?t=1785472756549:2479
[ 7869013ms] [LOG] [vite] server connection lost. Polling for restart... @ http://localhost:9991/__/frontend/@vite/client:963
[ 7869042ms] [ERROR] Failed to load resource: net::ERR_EMPTY_RESPONSE @ http://localhost:9991/__/frontend/@react-refresh:0
[ 7869042ms] [ERROR] Failed to load resource: net::ERR_CONNECTION_RESET @ http://localhost:9991/__/frontend/@vite/client:0
[ 7869043ms] [ERROR] Failed to load resource: net::ERR_CONNECTION_RESET @ http://localhost:9991/__/frontend/web/src/main.tsx:0
